{
    "version": "1.0",
    "userAgent": "ask-java/2.5.5 Java/1.8.0_172",
    "response": {
        "outputSpeech": {
            "type": "SSML",
            "ssml": "<speak>1<break time=\"1500ms\"/>Recetas de Manzana - 147 recetas.<break time=\"1500ms\"/>2<break time=\"1500ms\"/>Recetas con manzana - hogarmania.com.<break time=\"1500ms\"/>3<break time=\"1500ms\"/>Receta de Manzanas asadas - Eva Arguiñano - Hogarmania.<break time=\"1500ms\"/>4<break time=\"1500ms\"/>Recetas con manzanas - 1586 recetas - Petitchef.<break time=\"1500ms\"/>5<break time=\"1500ms\"/>Receta de manzanas asadas - Lidl.es.<break time=\"1500ms\"/>6<break time=\"1500ms\"/>Tarta de manzana<break strength=\"x-strong\"/>10 recetas fáciles ¡de 10! | PequeRecetas.<break time=\"1500ms\"/>7<break time=\"1500ms\"/>Manzanas asadas<break time=\"1500ms\"/>Receta de postre fácil y sencilla.<break time=\"1500ms\"/>8<break time=\"1500ms\"/>Recetas con manzana - 766 recetas - Petitchef.<break time=\"1500ms\"/>9<break time=\"1500ms\"/>Tarta de manzana muy fácil - Anna Recetas Fáciles.<break time=\"1500ms\"/>10<break time=\"1500ms\"/>Manzana: 18 recetas para aprovechar las manzanas ....<break time=\"1500ms\"/>11<break time=\"1500ms\"/>Manzanas - 10.636 recetas caseras - Cookpad.<break time=\"1500ms\"/>12<break time=\"1500ms\"/>Receta fácil de Manzanas asadas al horno - guiainfantil.com.<break time=\"1500ms\"/>13<break time=\"1500ms\"/>Ricas recetas con manzanas - rebanando.com.<break time=\"1500ms\"/>14<break time=\"1500ms\"/>Cómo hacer manzanas al horno: 9 pasos (con fotos) - wikiHow.<break time=\"1500ms\"/>15<break time=\"1500ms\"/>Torta de manzana casera - okdiario.com.<break time=\"1500ms\"/>16<break time=\"1500ms\"/>RECETA DE TARTA DE MANZANA - ¡Muy fácil y deliciosa!.<break time=\"1500ms\"/>17<break time=\"1500ms\"/>Tarta de manzana: 11 recetas fáciles - tartamanzana.es.<break time=\"1500ms\"/>18<break time=\"1500ms\"/>Receta de Tarta de queso y manzanas - Divina Cocina.<break time=\"1500ms\"/>19<break time=\"1500ms\"/>Receta de Tarta de Manzana Casera - eladerezo.com.<break time=\"1500ms\"/>20<break time=\"1500ms\"/>Receta de Tarta de manzana fácil con Thermomix.<break time=\"1500ms\"/>21<break time=\"1500ms\"/>Receta de Manzanas en Hojaldre - Directo al Paladar.<break time=\"1500ms\"/>22<break time=\"1500ms\"/>Tarta de manzana facil - 267 recetas caseras - Cookpad.<break time=\"1500ms\"/>23<break time=\"1500ms\"/>Cómo hacer manzanas con chamoy - cocinadelirante.com.<break time=\"1500ms\"/>24<break time=\"1500ms\"/>Receta de tarta de manzana casera - Comedera.Com.<break time=\"1500ms\"/>25<break time=\"1500ms\"/>Tarta de manzana asada<break strength=\"x-strong\"/>la receta más deliciosa y original.<break time=\"1500ms\"/>26<break time=\"1500ms\"/>Receta de Tarta de manzana fácil a la sartén - Divina Cocina.<break time=\"1500ms\"/>27<break time=\"1500ms\"/>Receta de manzanas asadas al horno | Central Lechera Asturiana.<break time=\"1500ms\"/>28<break time=\"1500ms\"/>Tarta de manzana al horno<break time=\"1500ms\"/>Receta rica<break strength=\"x-strong\"/>fácil y muy buena..<break time=\"1500ms\"/>29<break time=\"1500ms\"/>Pastel de manzana sencillo (4/5) - rebanando.com.<break time=\"1500ms\"/>30<break time=\"1500ms\"/>Receta Manzanas en hojaldre - semana.es.<break time=\"1500ms\"/></speak>"
        },
        "reprompt": {
            "outputSpeech": {
                "type": "SSML",
                "ssml": "<speak>1<break time=\"1500ms\"/>Recetas de Manzana - 147 recetas.<break time=\"1500ms\"/>2<break time=\"1500ms\"/>Recetas con manzana - hogarmania.com.<break time=\"1500ms\"/>3<break time=\"1500ms\"/>Receta de Manzanas asadas - Eva Arguiñano - Hogarmania.<break time=\"1500ms\"/>4<break time=\"1500ms\"/>Recetas con manzanas - 1586 recetas - Petitchef.<break time=\"1500ms\"/>5<break time=\"1500ms\"/>Receta de manzanas asadas - Lidl.es.<break time=\"1500ms\"/>6<break time=\"1500ms\"/>Tarta de manzana<break strength=\"x-strong\"/>10 recetas fáciles ¡de 10! | PequeRecetas.<break time=\"1500ms\"/>7<break time=\"1500ms\"/>Manzanas asadas<break time=\"1500ms\"/>Receta de postre fácil y sencilla.<break time=\"1500ms\"/>8<break time=\"1500ms\"/>Recetas con manzana - 766 recetas - Petitchef.<break time=\"1500ms\"/>9<break time=\"1500ms\"/>Tarta de manzana muy fácil - Anna Recetas Fáciles.<break time=\"1500ms\"/>10<break time=\"1500ms\"/>Manzana: 18 recetas para aprovechar las manzanas ....<break time=\"1500ms\"/>11<break time=\"1500ms\"/>Manzanas - 10.636 recetas caseras - Cookpad.<break time=\"1500ms\"/>12<break time=\"1500ms\"/>Receta fácil de Manzanas asadas al horno - guiainfantil.com.<break time=\"1500ms\"/>13<break time=\"1500ms\"/>Ricas recetas con manzanas - rebanando.com.<break time=\"1500ms\"/>14<break time=\"1500ms\"/>Cómo hacer manzanas al horno: 9 pasos (con fotos) - wikiHow.<break time=\"1500ms\"/>15<break time=\"1500ms\"/>Torta de manzana casera - okdiario.com.<break time=\"1500ms\"/>16<break time=\"1500ms\"/>RECETA DE TARTA DE MANZANA - ¡Muy fácil y deliciosa!.<break time=\"1500ms\"/>17<break time=\"1500ms\"/>Tarta de manzana: 11 recetas fáciles - tartamanzana.es.<break time=\"1500ms\"/>18<break time=\"1500ms\"/>Receta de Tarta de queso y manzanas - Divina Cocina.<break time=\"1500ms\"/>19<break time=\"1500ms\"/>Receta de Tarta de Manzana Casera - eladerezo.com.<break time=\"1500ms\"/>20<break time=\"1500ms\"/>Receta de Tarta de manzana fácil con Thermomix.<break time=\"1500ms\"/>21<break time=\"1500ms\"/>Receta de Manzanas en Hojaldre - Directo al Paladar.<break time=\"1500ms\"/>22<break time=\"1500ms\"/>Tarta de manzana facil - 267 recetas caseras - Cookpad.<break time=\"1500ms\"/>23<break time=\"1500ms\"/>Cómo hacer manzanas con chamoy - cocinadelirante.com.<break time=\"1500ms\"/>24<break time=\"1500ms\"/>Receta de tarta de manzana casera - Comedera.Com.<break time=\"1500ms\"/>25<break time=\"1500ms\"/>Tarta de manzana asada<break strength=\"x-strong\"/>la receta más deliciosa y original.<break time=\"1500ms\"/>26<break time=\"1500ms\"/>Receta de Tarta de manzana fácil a la sartén - Divina Cocina.<break time=\"1500ms\"/>27<break time=\"1500ms\"/>Receta de manzanas asadas al horno | Central Lechera Asturiana.<break time=\"1500ms\"/>28<break time=\"1500ms\"/>Tarta de manzana al horno<break time=\"1500ms\"/>Receta rica<break strength=\"x-strong\"/>fácil y muy buena..<break time=\"1500ms\"/>29<break time=\"1500ms\"/>Pastel de manzana sencillo (4/5) - rebanando.com.<break time=\"1500ms\"/>30<break time=\"1500ms\"/>Receta Manzanas en hojaldre - semana.es.<break time=\"1500ms\"/></speak>"
            }
        },
        "shouldEndSession": false
    }
}